<?xml version="1.0" encoding="UTF-8"?>
<testsuites name="jest tests" tests="4" failures="0" errors="0" time="0.866">
  <testsuite name="Library Management System" errors="0" failures="0" skipped="0" timestamp="2024-09-26T19:23:19" time="0.567" tests="1">
    <testcase classname="Library Management System should list available books" name="Library Management System should list available books" time="0.004">
    </testcase>
  </testsuite>
  <testsuite name="Library Management System" errors="0" failures="0" skipped="0" timestamp="2024-09-26T19:23:19" time="0.057" tests="1">
    <testcase classname="Library Management System should allow borrowing an available book" name="Library Management System should allow borrowing an available book" time="0.001">
    </testcase>
  </testsuite>
  <testsuite name="Library Management System" errors="0" failures="0" skipped="0" timestamp="2024-09-26T19:23:19" time="0.056" tests="1">
    <testcase classname="Library Management System should allow returning a borrowed book" name="Library Management System should allow returning a borrowed book" time="0.001">
    </testcase>
  </testsuite>
  <testsuite name="Library Management System" errors="0" failures="0" skipped="0" timestamp="2024-09-26T19:23:20" time="0.05" tests="1">
    <testcase classname="Library Management System should add a book to the library" name="Library Management System should add a book to the library" time="0.001">
    </testcase>
  </testsuite>
</testsuites>